== v8 SCORE HISTOGRAM (production) ==
== CONTROL ==
  control: wa(8s)=8.00 > wa(1s)=1.00, gatekeeper caps to 3.00 -> PASS
  cross-instrument check: my wa() vs the scorer's stored raw_weighted_average
     rows compared 160641, max |delta| 1.776e-15
production drawable: 83 files, 160641 distinct non-GN stage2 articles

  bin        count      share    cumul
   0.0- 0.5        0    0.000%    0.000%
   0.5- 1.0        0    0.000%    0.000%
   1.0- 1.5    85169   53.018%   53.018%
   1.5- 2.0    21720   13.521%   66.539%
   2.0- 2.5     9432    5.871%   72.411%
   2.5- 3.0     8824    5.493%   77.904%
   3.0- 3.5     7819    4.867%   82.771%
   3.5- 4.0     6280    3.909%   86.680%
   4.0- 4.5     5717    3.559%   90.239%
   4.5- 5.0     5396    3.359%   93.598%
   5.0- 5.5     4562    2.840%   96.438%
   5.5- 6.0     3259    2.029%   98.467%
   6.0- 6.5     1642    1.022%   99.489%
   6.5- 7.0      703    0.438%   99.927%
   7.0- 7.5      114    0.071%   99.998%
   7.5- 8.0        4    0.002%  100.000%
   8.0- 8.5        0    0.000%  100.000%
   8.5- 9.0        0    0.000%  100.000%
   9.0- 9.5        0    0.000%  100.000%
   9.5-10.0        0    0.000%  100.000%

  region shares
    anchor      0.0-3.5     132964   82.771%
    decision    3.5-5.5      21955   13.667%
    visible     5.5-10.0      5722    3.562%

  n=160641  (machine-readable below)
JSON {"mode": "production", "n": 160641, "bins": {"0.0": 0, "0.5": 0, "1.0": 85169, "1.5": 21720, "2.0": 9432, "2.5": 8824, "3.0": 7819, "3.5": 6280, "4.0": 5717, "4.5": 5396, "5.0": 4562, "5.5": 3259, "6.0": 1642, "6.5": 703, "7.0": 114, "7.5": 4, "8.0": 0, "8.5": 0, "9.0": 0, "9.5": 0}}
