== v8 SCORE HISTOGRAM (corpus) ==
== CONTROL ==
  control: wa(8s)=8.00 > wa(1s)=1.00, gatekeeper caps to 3.00 -> PASS
corpus: 3 files, 6590 labelled rows

  bin        count      share    cumul
   0.0- 0.5        0    0.000%    0.000%
   0.5- 1.0        0    0.000%    0.000%
   1.0- 1.5     2980   45.220%   45.220%
   1.5- 2.0      383    5.812%   51.032%
   2.0- 2.5      344    5.220%   56.252%
   2.5- 3.0      241    3.657%   59.909%
   3.0- 3.5      217    3.293%   63.202%
   3.5- 4.0      249    3.778%   66.980%
   4.0- 4.5      316    4.795%   71.775%
   4.5- 5.0      408    6.191%   77.967%
   5.0- 5.5      463    7.026%   84.992%
   5.5- 6.0      430    6.525%   91.517%
   6.0- 6.5      288    4.370%   95.888%
   6.5- 7.0      172    2.610%   98.498%
   7.0- 7.5       74    1.123%   99.621%
   7.5- 8.0       22    0.334%   99.954%
   8.0- 8.5        3    0.046%  100.000%
   8.5- 9.0        0    0.000%  100.000%
   9.0- 9.5        0    0.000%  100.000%
   9.5-10.0        0    0.000%  100.000%

  region shares
    anchor      0.0-3.5       4165   63.202%
    decision    3.5-5.5       1436   21.791%
    visible     5.5-10.0       989   15.008%

  n=6590  (machine-readable below)
JSON {"mode": "corpus", "n": 6590, "bins": {"0.0": 0, "0.5": 0, "1.0": 2980, "1.5": 383, "2.0": 344, "2.5": 241, "3.0": 217, "3.5": 249, "4.0": 316, "4.5": 408, "5.0": 463, "5.5": 430, "6.0": 288, "6.5": 172, "7.0": 74, "7.5": 22, "8.0": 3, "8.5": 0, "9.0": 0, "9.5": 0}}
